[*] Testing ID: 32
[DLStreams Resolver] Resolving fresh URL for channel 32...
[DLStreams Resolver] Launching shared browser instance...
  [*] Navigating to https://dlstreams.top/watch.php?id=32...
  [!] Navigation warning: Navigation timeout of 45000 ms exceeded
[DLStreams Resolver] Shared browser disconnected.
 [!] Error resolution on https://dlstreams.top/watch.php?id=32: Protocol error (Page.bringToFront): Session closed. Most likely the page has been closed.
[DLStreams Resolver] Channel 32: No URL found
[v] Result for 32: { streamUrl: null, ckParam: null, cached: false }
[*] Testing ID: 593
[DLStreams Resolver] Resolving fresh URL for channel 593...
[DLStreams Resolver] Launching shared browser instance...
  [*] Navigating to https://dlstreams.top/watch.php?id=593...
